Traceback (most recent call last):
  File "/home/runner/work/sd-center/sd-center/tools/patch-flea-red-diamond-v112.py", line 304, in <module>
    raise SystemExit(main())
                     ^^^^^^
  File "/home/runner/work/sd-center/sd-center/tools/patch-flea-red-diamond-v112.py", line 281, in main
    build_zip(src, out, root)
  File "/home/runner/work/sd-center/sd-center/tools/patch-flea-red-diamond-v112.py", line 234, in build_zip
    app_path.write_text(patch_public_app(app_path.read_text(encoding="utf-8")), encoding="utf-8")
                        ^^^^^^^^^^^^^^^^^^^^^^^^^^^^^^^^^^^^^^^^^^^^^^^^^^^^^^
  File "/home/runner/work/sd-center/sd-center/tools/patch-flea-red-diamond-v112.py", line 109, in patch_public_app
    text = patch_core_js(text)
           ^^^^^^^^^^^^^^^^^^^
  File "/home/runner/work/sd-center/sd-center/tools/patch-flea-red-diamond-v112.py", line 79, in patch_core_js
    text = replace_once(text, roll_anchor, helper, "safe rare roll")
           ^^^^^^^^^^^^^^^^^^^^^^^^^^^^^^^^^^^^^^^^^^^^^^^^^^^^^^^^^
  File "/home/runner/work/sd-center/sd-center/tools/patch-flea-red-diamond-v112.py", line 22, in replace_once
    require(text, old, label)
  File "/home/runner/work/sd-center/sd-center/tools/patch-flea-red-diamond-v112.py", line 18, in require
    raise RuntimeError(f"Missing patch anchor: {label}")
RuntimeError: Missing patch anchor: safe rare roll
